Category: 📺央视频道, Name: CCTV-1, Total: 3, Valid: 2, Valid Percent: 66.67%, Whitelist: 0, IPv4: 1, IPv6: 2, Min Delay: 0.1 ms, Max Speed: 3.10 M/s, Avg Speed: 1.55 M/s, Max Resolution: 1920x1080
Category: 📺央视频道, Name: CCTV-2, Total: 5, Valid: 2, Valid Percent: 40.00%, Whitelist: 0, IPv4: 1, IPv6: 4, Min Delay: 0.1 ms, Max Speed: 3.54 M/s, Avg Speed: 1.77 M/s, Max Resolution: 1920x1080
Category: 📺央视频道, Name: CCTV-3, Total: 3, Valid: 2, Valid Percent: 66.67%, Whitelist: 0, IPv4: 1, IPv6: 2, Min Delay: 0.1 ms, Max Speed: 3.55 M/s, Avg Speed: 1.77 M/s, Max Resolution: 1920x1080
Category: 📺央视频道, Name: CCTV-4, Total: 5, Valid: 1, Valid Percent: 20.00%, Whitelist: 0, IPv4: 0, IPv6: 5, Min Delay: 0.1 ms, Max Speed: 0.00 M/s, Avg Speed: 0.00 M/s, Max Resolution: 1920x1080
Category: 📺央视频道, Name: CCTV-5, Total: 5, Valid: 4, Valid Percent: 80.00%, Whitelist: 0, IPv4: 2, IPv6: 3, Min Delay: 0.1 ms, Max Speed: 3.64 M/s, Avg Speed: 1.79 M/s, Max Resolution: 1920x1080
Category: 📺央视频道, Name: CCTV-5+, Total: 2, Valid: 1, Valid Percent: 50.00%, Whitelist: 0, IPv4: 0, IPv6: 2, Min Delay: 0.1 ms, Max Speed: 0.00 M/s, Avg Speed: 0.00 M/s, Max Resolution: 1920x1080
Category: 📺央视频道, Name: CCTV-6, Total: 3, Valid: 1, Valid Percent: 33.33%, Whitelist: 0, IPv4: 0, IPv6: 3, Min Delay: 0.1 ms, Max Speed: 0.00 M/s, Avg Speed: 0.00 M/s, Max Resolution: 1920x1080
Category: 📺央视频道, Name: CCTV-7, Total: 3, Valid: 2, Valid Percent: 66.67%, Whitelist: 0, IPv4: 1, IPv6: 2, Min Delay: 0.1 ms, Max Speed: 3.85 M/s, Avg Speed: 1.92 M/s, Max Resolution: 1920x1080
Category: 📺央视频道, Name: CCTV-8, Total: 2, Valid: 1, Valid Percent: 50.00%, Whitelist: 0, IPv4: 0, IPv6: 2, Min Delay: 0.1 ms, Max Speed: 0.00 M/s, Avg Speed: 0.00 M/s, Max Resolution: 1920x1080
Category: 📺央视频道, Name: CCTV-9, Total: 3, Valid: 2, Valid Percent: 66.67%, Whitelist: 0, IPv4: 1, IPv6: 2, Min Delay: 0.1 ms, Max Speed: 4.02 M/s, Avg Speed: 2.01 M/s, Max Resolution: 1920x1080
Category: 📺央视频道, Name: CCTV-10, Total: 3, Valid: 2, Valid Percent: 66.67%, Whitelist: 0, IPv4: 1, IPv6: 2, Min Delay: 0.1 ms, Max Speed: 3.72 M/s, Avg Speed: 1.86 M/s, Max Resolution: 1920x1080
Category: 📺央视频道, Name: CCTV-11, Total: 2, Valid: 1, Valid Percent: 50.00%, Whitelist: 0, IPv4: 0, IPv6: 2, Min Delay: 0.1 ms, Max Speed: 0.00 M/s, Avg Speed: 0.00 M/s, Max Resolution: 1920x1080
Category: 📺央视频道, Name: CCTV-12, Total: 3, Valid: 2, Valid Percent: 66.67%, Whitelist: 0, IPv4: 1, IPv6: 2, Min Delay: 0.1 ms, Max Speed: 3.55 M/s, Avg Speed: 1.77 M/s, Max Resolution: 1920x1080
Category: 📺央视频道, Name: CCTV-13, Total: 7, Valid: 4, Valid Percent: 57.14%, Whitelist: 0, IPv4: 0, IPv6: 7, Min Delay: 0.1 ms, Max Speed: 0.00 M/s, Avg Speed: 0.00 M/s, Max Resolution: 1920x1080
Category: 📺央视频道, Name: CCTV-14, Total: 6, Valid: 3, Valid Percent: 50.00%, Whitelist: 0, IPv4: 1, IPv6: 5, Min Delay: 0.1 ms, Max Speed: 4.15 M/s, Avg Speed: 1.38 M/s, Max Resolution: 1920x1080
Category: 📺央视频道, Name: CCTV-15, Total: 2, Valid: 1, Valid Percent: 50.00%, Whitelist: 0, IPv4: 0, IPv6: 2, Min Delay: 0.1 ms, Max Speed: 0.00 M/s, Avg Speed: 0.00 M/s, Max Resolution: 1920x1080
Category: 📺央视频道, Name: CCTV-16, Total: 1, Valid: 1, Valid Percent: 100.00%, Whitelist: 0, IPv4: 0, IPv6: 1, Min Delay: 0.1 ms, Max Speed: 0.00 M/s, Avg Speed: 0.00 M/s, Max Resolution: 1920x1080
Category: 📺央视频道, Name: CCTV-17, Total: 4, Valid: 2, Valid Percent: 50.00%, Whitelist: 0, IPv4: 1, IPv6: 3, Min Delay: 0.1 ms, Max Speed: 3.75 M/s, Avg Speed: 1.88 M/s, Max Resolution: 1920x1080
Category: 📡卫视频道, Name: 广东卫视, Total: 3, Valid: 2, Valid Percent: 66.67%, Whitelist: 0, IPv4: 1, IPv6: 2, Min Delay: 0.1 ms, Max Speed: 2.33 M/s, Avg Speed: 1.16 M/s, Max Resolution: 1920x1080
Category: 📡卫视频道, Name: 香港卫视, Total: 1, Valid: 0, Valid Percent: 0.00%, Whitelist: 0, IPv4: 0, IPv6: 1, Min Delay: -1 ms, Max Speed: 0.00 M/s, Avg Speed: 0.00 M/s, Max Resolution: None
Category: 📡卫视频道, Name: 浙江卫视, Total: 12, Valid: 11, Valid Percent: 91.67%, Whitelist: 0, IPv4: 1, IPv6: 11, Min Delay: 0.1 ms, Max Speed: 3.78 M/s, Avg Speed: 0.34 M/s, Max Resolution: 1920x1080
Category: 📡卫视频道, Name: 湖南卫视, Total: 3, Valid: 3, Valid Percent: 100.00%, Whitelist: 0, IPv4: 2, IPv6: 1, Min Delay: 0.1 ms, Max Speed: 4.12 M/s, Avg Speed: 1.42 M/s, Max Resolution: 1920x1080
Category: 📡卫视频道, Name: 北京卫视, Total: 1, Valid: 1, Valid Percent: 100.00%, Whitelist: 0, IPv4: 0, IPv6: 1, Min Delay: 0.1 ms, Max Speed: 0.00 M/s, Avg Speed: 0.00 M/s, Max Resolution: 1920x1080
Category: 📡卫视频道, Name: 湖北卫视, Total: 3, Valid: 2, Valid Percent: 66.67%, Whitelist: 0, IPv4: 1, IPv6: 2, Min Delay: 0.1 ms, Max Speed: 2.69 M/s, Avg Speed: 1.35 M/s, Max Resolution: 1920x1080
Category: 📡卫视频道, Name: 黑龙江卫视, Total: 2, Valid: 2, Valid Percent: 100.00%, Whitelist: 0, IPv4: 0, IPv6: 2, Min Delay: 0.1 ms, Max Speed: 0.00 M/s, Avg Speed: 0.00 M/s, Max Resolution: 1920x1080
Category: 📡卫视频道, Name: 安徽卫视, Total: 2, Valid: 2, Valid Percent: 100.00%, Whitelist: 0, IPv4: 1, IPv6: 1, Min Delay: 0.1 ms, Max Speed: 3.78 M/s, Avg Speed: 1.89 M/s, Max Resolution: 1920x1080
Category: 📡卫视频道, Name: 重庆卫视, Total: 2, Valid: 2, Valid Percent: 100.00%, Whitelist: 0, IPv4: 1, IPv6: 1, Min Delay: 0.1 ms, Max Speed: 3.22 M/s, Avg Speed: 1.61 M/s, Max Resolution: 1920x1080
Category: 📡卫视频道, Name: 东方卫视, Total: 6, Valid: 5, Valid Percent: 83.33%, Whitelist: 0, IPv4: 1, IPv6: 5, Min Delay: 0.1 ms, Max Speed: 3.49 M/s, Avg Speed: 0.70 M/s, Max Resolution: 1920x1080
Category: 📡卫视频道, Name: 东南卫视, Total: 4, Valid: 3, Valid Percent: 75.00%, Whitelist: 0, IPv4: 1, IPv6: 3, Min Delay: 0.1 ms, Max Speed: 2.65 M/s, Avg Speed: 0.88 M/s, Max Resolution: 1920x1080
Category: 📡卫视频道, Name: 甘肃卫视, Total: 1, Valid: 1, Valid Percent: 100.00%, Whitelist: 0, IPv4: 0, IPv6: 1, Min Delay: 0.1 ms, Max Speed: 0.00 M/s, Avg Speed: 0.00 M/s, Max Resolution: 1920x1080
Category: 📡卫视频道, Name: 广西卫视, Total: 6, Valid: 6, Valid Percent: 100.00%, Whitelist: 0, IPv4: 2, IPv6: 4, Min Delay: 0.1 ms, Max Speed: 2.93 M/s, Avg Speed: 0.94 M/s, Max Resolution: 1920x1080
Category: 📡卫视频道, Name: 贵州卫视, Total: 1, Valid: 1, Valid Percent: 100.00%, Whitelist: 0, IPv4: 1, IPv6: 0, Min Delay: 602 ms, Max Speed: 3.59 M/s, Avg Speed: 3.59 M/s, Max Resolution: 1920x1080
Category: 📡卫视频道, Name: 海南卫视, Total: 1, Valid: 0, Valid Percent: 0.00%, Whitelist: 0, IPv4: 0, IPv6: 1, Min Delay: -1 ms, Max Speed: 0.00 M/s, Avg Speed: 0.00 M/s, Max Resolution: None
Category: 📡卫视频道, Name: 河北卫视, Total: 6, Valid: 5, Valid Percent: 83.33%, Whitelist: 0, IPv4: 1, IPv6: 5, Min Delay: 0.1 ms, Max Speed: 4.02 M/s, Avg Speed: 0.80 M/s, Max Resolution: 1920x1080
Category: 📡卫视频道, Name: 河南卫视, Total: 19, Valid: 17, Valid Percent: 89.47%, Whitelist: 0, IPv4: 0, IPv6: 19, Min Delay: 0.1 ms, Max Speed: 0.00 M/s, Avg Speed: 0.00 M/s, Max Resolution: 1920x1080
Category: 📡卫视频道, Name: 吉林卫视, Total: 2, Valid: 1, Valid Percent: 50.00%, Whitelist: 0, IPv4: 1, IPv6: 1, Min Delay: 614 ms, Max Speed: 3.47 M/s, Avg Speed: 3.47 M/s, Max Resolution: 1920x1080
Category: 📡卫视频道, Name: 江苏卫视, Total: 2, Valid: 1, Valid Percent: 50.00%, Whitelist: 0, IPv4: 0, IPv6: 2, Min Delay: 0.1 ms, Max Speed: 0.00 M/s, Avg Speed: 0.00 M/s, Max Resolution: 1920x1080
Category: 📡卫视频道, Name: 江西卫视, Total: 3, Valid: 2, Valid Percent: 66.67%, Whitelist: 0, IPv4: 1, IPv6: 2, Min Delay: 0.1 ms, Max Speed: 2.86 M/s, Avg Speed: 1.43 M/s, Max Resolution: 1920x1080
Category: 📡卫视频道, Name: 辽宁卫视, Total: 3, Valid: 2, Valid Percent: 66.67%, Whitelist: 0, IPv4: 1, IPv6: 2, Min Delay: 0.1 ms, Max Speed: 2.43 M/s, Avg Speed: 1.21 M/s, Max Resolution: 1920x1080
Category: 📡卫视频道, Name: 内蒙古卫视, Total: 2, Valid: 2, Valid Percent: 100.00%, Whitelist: 0, IPv4: 1, IPv6: 1, Min Delay: 0.1 ms, Max Speed: 4.02 M/s, Avg Speed: 2.01 M/s, Max Resolution: 1920x1080
Category: 📡卫视频道, Name: 青海卫视, Total: 2, Valid: 1, Valid Percent: 50.00%, Whitelist: 0, IPv4: 1, IPv6: 1, Min Delay: 617 ms, Max Speed: 4.06 M/s, Avg Speed: 4.06 M/s, Max Resolution: 1920x1080
Category: 📡卫视频道, Name: 山东卫视, Total: 2, Valid: 2, Valid Percent: 100.00%, Whitelist: 0, IPv4: 0, IPv6: 2, Min Delay: 0.1 ms, Max Speed: 0.00 M/s, Avg Speed: 0.00 M/s, Max Resolution: 1920x1080
Category: 📡卫视频道, Name: 山西卫视, Total: 2, Valid: 2, Valid Percent: 100.00%, Whitelist: 0, IPv4: 1, IPv6: 1, Min Delay: 0.1 ms, Max Speed: 3.54 M/s, Avg Speed: 1.77 M/s, Max Resolution: 1920x1080
Category: 📡卫视频道, Name: 陕西卫视, Total: 2, Valid: 1, Valid Percent: 50.00%, Whitelist: 0, IPv4: 1, IPv6: 1, Min Delay: 619 ms, Max Speed: 4.26 M/s, Avg Speed: 4.26 M/s, Max Resolution: 1920x1080
Category: 📡卫视频道, Name: 深圳卫视, Total: 2, Valid: 2, Valid Percent: 100.00%, Whitelist: 0, IPv4: 1, IPv6: 1, Min Delay: 0.1 ms, Max Speed: 5.16 M/s, Avg Speed: 2.58 M/s, Max Resolution: 1920x1080
Category: 📡卫视频道, Name: 三沙卫视, Total: 1, Valid: 0, Valid Percent: 0.00%, Whitelist: 0, IPv4: 0, IPv6: 1, Min Delay: -1 ms, Max Speed: 0.00 M/s, Avg Speed: 0.00 M/s, Max Resolution: None
Category: 📡卫视频道, Name: 天津卫视, Total: 2, Valid: 2, Valid Percent: 100.00%, Whitelist: 0, IPv4: 1, IPv6: 1, Min Delay: 0.1 ms, Max Speed: 3.77 M/s, Avg Speed: 1.88 M/s, Max Resolution: 1920x1080
Category: 📡卫视频道, Name: 西藏卫视, Total: 4, Valid: 4, Valid Percent: 100.00%, Whitelist: 0, IPv4: 0, IPv6: 4, Min Delay: 0.1 ms, Max Speed: 0.00 M/s, Avg Speed: 0.00 M/s, Max Resolution: 1920x1080
Category: 📡卫视频道, Name: 云南卫视, Total: 1, Valid: 1, Valid Percent: 100.00%, Whitelist: 0, IPv4: 1, IPv6: 0, Min Delay: 629 ms, Max Speed: 3.95 M/s, Avg Speed: 3.95 M/s, Max Resolution: 1920x1080
Category: ☘️山东频道, Name: 山东少儿, Total: 1, Valid: 1, Valid Percent: 100.00%, Whitelist: 0, IPv4: 0, IPv6: 1, Min Delay: 0.1 ms, Max Speed: 0.00 M/s, Avg Speed: 0.00 M/s, Max Resolution: 1920x1080
Category: ☘️山东频道, Name: 山东新闻, Total: 2, Valid: 2, Valid Percent: 100.00%, Whitelist: 0, IPv4: 0, IPv6: 2, Min Delay: 0.1 ms, Max Speed: 0.00 M/s, Avg Speed: 0.00 M/s, Max Resolution: 1920x1080
Category: ☘️山东频道, Name: 山东居家购物, Total: 1, Valid: 1, Valid Percent: 100.00%, Whitelist: 0, IPv4: 0, IPv6: 1, Min Delay: 0.1 ms, Max Speed: 0.00 M/s, Avg Speed: 0.00 M/s, Max Resolution: 1920x1080
Category: ☘️山东频道, Name: 山东农科, Total: 1, Valid: 1, Valid Percent: 100.00%, Whitelist: 0, IPv4: 0, IPv6: 1, Min Delay: 0.1 ms, Max Speed: 0.00 M/s, Avg Speed: 0.00 M/s, Max Resolution: 1920x1080
Category: ☘️山东频道, Name: 山东齐鲁, Total: 1, Valid: 1, Valid Percent: 100.00%, Whitelist: 0, IPv4: 0, IPv6: 1, Min Delay: 0.1 ms, Max Speed: 0.00 M/s, Avg Speed: 0.00 M/s, Max Resolution: 1920x1080
Category: ☘️山东频道, Name: 山东生活, Total: 2, Valid: 2, Valid Percent: 100.00%, Whitelist: 0, IPv4: 0, IPv6: 2, Min Delay: 0.1 ms, Max Speed: 0.00 M/s, Avg Speed: 0.00 M/s, Max Resolution: 1920x1080
Category: ☘️山东频道, Name: 山东体育, Total: 1, Valid: 1, Valid Percent: 100.00%, Whitelist: 0, IPv4: 0, IPv6: 1, Min Delay: 0.1 ms, Max Speed: 0.00 M/s, Avg Speed: 0.00 M/s, Max Resolution: 1920x1080
Category: ☘️山东频道, Name: 山东文旅, Total: 1, Valid: 0, Valid Percent: 0.00%, Whitelist: 0, IPv4: 1, IPv6: 0, Min Delay: 10419 ms, Max Speed: 0.00 M/s, Avg Speed: 0.00 M/s, Max Resolution: None
Category: ☘️山东频道, Name: 山东综艺, Total: 1, Valid: 1, Valid Percent: 100.00%, Whitelist: 0, IPv4: 0, IPv6: 1, Min Delay: 0.1 ms, Max Speed: 0.00 M/s, Avg Speed: 0.00 M/s, Max Resolution: 1920x1080
Category: 🌊港·澳·台, Name: 翡翠台, Total: 1, Valid: 1, Valid Percent: 100.00%, Whitelist: 0, IPv4: 1, IPv6: 0, Min Delay: 176 ms, Max Speed: 17.68 M/s, Avg Speed: 17.68 M/s, Max Resolution: 1920x1080
Category: 🌊港·澳·台, Name: 凤凰中文, Total: 2, Valid: 1, Valid Percent: 50.00%, Whitelist: 0, IPv4: 0, IPv6: 2, Min Delay: 0.1 ms, Max Speed: 0.00 M/s, Avg Speed: 0.00 M/s, Max Resolution: 1920x1080
Category: 🌊港·澳·台, Name: 凤凰资讯, Total: 2, Valid: 1, Valid Percent: 50.00%, Whitelist: 0, IPv4: 0, IPv6: 2, Min Delay: 0.1 ms, Max Speed: 0.00 M/s, Avg Speed: 0.00 M/s, Max Resolution: 1920x1080
Category: 🌊港·澳·台, Name: 香港卫视, Total: 1, Valid: 0, Valid Percent: 0.00%, Whitelist: 0, IPv4: 0, IPv6: 1, Min Delay: -1 ms, Max Speed: 0.00 M/s, Avg Speed: 0.00 M/s, Max Resolution: None
Category: 🌊港·澳·台, Name: 三立新闻, Total: 1, Valid: 0, Valid Percent: 0.00%, Whitelist: 0, IPv4: 0, IPv6: 1, Min Delay: -1 ms, Max Speed: 0.00 M/s, Avg Speed: 0.00 M/s, Max Resolution: None
Category: 🎬电影频道, Name: CHC家庭影院, Total: 1, Valid: 0, Valid Percent: 0.00%, Whitelist: 0, IPv4: 0, IPv6: 1, Min Delay: -1 ms, Max Speed: 0.00 M/s, Avg Speed: 0.00 M/s, Max Resolution: None
Category: 🎬电影频道, Name: CHC动作电影, Total: 2, Valid: 1, Valid Percent: 50.00%, Whitelist: 0, IPv4: 0, IPv6: 2, Min Delay: 0.1 ms, Max Speed: 0.00 M/s, Avg Speed: 0.00 M/s, Max Resolution: 1920x1080
Category: 🎬电影频道, Name: CHC高清电影, Total: 4, Valid: 1, Valid Percent: 25.00%, Whitelist: 0, IPv4: 4, IPv6: 0, Min Delay: 10004 ms, Max Speed: 0.03 M/s, Avg Speed: 0.03 M/s, Max Resolution: 1920x1080
Category: 🎬电影频道, Name: 淘剧场, Total: 1, Valid: 0, Valid Percent: 0.00%, Whitelist: 0, IPv4: 0, IPv6: 1, Min Delay: -1 ms, Max Speed: 0.00 M/s, Avg Speed: 0.00 M/s, Max Resolution: None
Category: 🎬电影频道, Name: 淘娱乐, Total: 1, Valid: 0, Valid Percent: 0.00%, Whitelist: 0, IPv4: 0, IPv6: 1, Min Delay: -1 ms, Max Speed: 0.00 M/s, Avg Speed: 0.00 M/s, Max Resolution: None
Category: 🎬电影频道, Name: 淘电影, Total: 1, Valid: 1, Valid Percent: 100.00%, Whitelist: 0, IPv4: 0, IPv6: 1, Min Delay: 0.1 ms, Max Speed: 0.00 M/s, Avg Speed: 0.00 M/s, Max Resolution: 1920x1080
Category: 🪁动画频道, Name: 新动漫, Total: 8, Valid: 0, Valid Percent: 0.00%, Whitelist: 0, IPv4: 8, IPv6: 0, Min Delay: 10004 ms, Max Speed: 0.00 M/s, Avg Speed: 0.00 M/s, Max Resolution: None
Category: 🪁动画频道, Name: 优漫卡通, Total: 1, Valid: 0, Valid Percent: 0.00%, Whitelist: 0, IPv4: 0, IPv6: 1, Min Delay: -1 ms, Max Speed: 0.00 M/s, Avg Speed: 0.00 M/s, Max Resolution: None
Category: 🪁动画频道, Name: 浙江少儿, Total: 4, Valid: 3, Valid Percent: 75.00%, Whitelist: 0, IPv4: 0, IPv6: 4, Min Delay: 0.1 ms, Max Speed: 0.00 M/s, Avg Speed: 0.00 M/s, Max Resolution: 1920x1080
Category: 🪁动画频道, Name: 河北少儿科教, Total: 1, Valid: 1, Valid Percent: 100.00%, Whitelist: 0, IPv4: 0, IPv6: 1, Min Delay: 0.1 ms, Max Speed: 0.00 M/s, Avg Speed: 0.00 M/s, Max Resolution: 1920x1080
Category: 🏛经典剧场, Name: 天龙八部, Total: 1, Valid: 0, Valid Percent: 0.00%, Whitelist: 0, IPv4: 0, IPv6: 1, Min Delay: -1 ms, Max Speed: 0.00 M/s, Avg Speed: 0.00 M/s, Max Resolution: None
Category: 🏛经典剧场, Name: 水浒传, Total: 1, Valid: 0, Valid Percent: 0.00%, Whitelist: 0, IPv4: 0, IPv6: 1, Min Delay: -1 ms, Max Speed: 0.00 M/s, Avg Speed: 0.00 M/s, Max Resolution: None
Category: 🏛经典剧场, Name: 新白娘子传奇, Total: 1, Valid: 0, Valid Percent: 0.00%, Whitelist: 0, IPv4: 0, IPv6: 1, Min Delay: -1 ms, Max Speed: 0.00 M/s, Avg Speed: 0.00 M/s, Max Resolution: None
Category: 🏛经典剧场, Name: 封神榜, Total: 1, Valid: 0, Valid Percent: 0.00%, Whitelist: 0, IPv4: 0, IPv6: 1, Min Delay: -1 ms, Max Speed: 0.00 M/s, Avg Speed: 0.00 M/s, Max Resolution: None
